Applications Memory Usage (kB):
Uptime: 1956365035 Realtime: 2522469801

Total PSS by process:
   165923 kB: system (pid 15216)
   119673 kB: surfaceflinger (pid 2751)
   105940 kB: com.tencent.mm (pid 25462 / activities)
    98199 kB: com.tencent.mobileqq (pid 6750 / activities)
    74021 kB: com.android.systemui (pid 15536)
    58953 kB: com.android.keyguard (pid 15468)
    58584 kB: com.huawei.android.launcher (pid 16567 / activities)
    35037 kB: com.android.contacts (pid 10164 / activities)
    34125 kB: com.taobao.taobao (pid 28140)
    28728 kB: com.baidu.input_huawei (pid 15811)
    28069 kB: com.android.settings (pid 20232)
    26856 kB: com.qihoo.appstore (pid 13439)
    26520 kB: com.huawei.systemmanager (pid 2311)
    26044 kB: com.huawei.systemmanager:service (pid 15677)
    23708 kB: com.qihoo360.mobilesafe:GuardService (pid 13540)
    23242 kB: com.android.galaxy4 (pid 15782)
    21193 kB: com.android.phone (pid 15950)
    20947 kB: com.tmall.wireless (pid 16570)
    20293 kB: com.android.incallui (pid 2067 / activities)
    20050 kB: com.android.email (pid 26873)
    19618 kB: com.taobao.taobao:channel (pid 22076)
    19162 kB: com.tencent.mobileqq:peak (pid 12962)
    18688 kB: com.qihoo.daemon (pid 13382)
    18608 kB: com.huawei.powergenie (pid 15844)
    17643 kB: android.process.media (pid 20386)
    17146 kB: com.tencent.mtt:service (pid 22392)
    16997 kB: com.tencent.mm:push (pid 25495)
    16697 kB: com.huawei.android.powermonitor (pid 15923)
    16196 kB: com.sina.weibo (pid 17866)
    14917 kB: com.android.browser (pid 19795)
    14244 kB: com.tencent.mobileqq:MSF (pid 4314)
    13423 kB: com.tmall.wireless:channel (pid 21069)
    13208 kB: com.huawei.android.ds (pid 22321)
    13128 kB: com.sina.weibo:remote (pid 16143)
    13004 kB: com.moji.mjweather:pushservice (pid 10331)
    12665 kB: com.android.bluetooth (pid 19645)
    12112 kB: com.amap.android.location (pid 15897)
    11847 kB: com.hexin.plat.android (pid 9357)
    11742 kB: android.process.acore (pid 6189)
    11612 kB: com.moji.mjweather (pid 22151)
    11377 kB: com.tencent.mobileqq:TMAssistantDownloadSDKService (pid 14153)
    10840 kB: com.baidu.BaiduMap:bdservice_v1 (pid 19960)
    10803 kB: com.qihoo.appstore:PluginP01 (pid 13472)
    10157 kB: com.qihoo.appstore:PluginP06 (pid 13619)
     9439 kB: com.baidu.BaiduMap:MapCoreService (pid 13383)
     9434 kB: com.huawei.bd (pid 15155)
     8919 kB: com.android.server.telecom (pid 15872)
     8797 kB: com.huawei.android.pushagent.PushService (pid 13488)
     8775 kB: cn.wps.moffice_eng:pushservice (pid 21551)
     8639 kB: com.huawei.ca (pid 15971)
     8620 kB: com.huawei.lcagent (pid 16528)
     8064 kB: com.google.android.gms.persistent (pid 22545)
     7889 kB: com.android.contacts:cacheservice (pid 16629)
     6902 kB: com.tencent.mtt (pid 19439)
     6780 kB: mediaserver (pid 14962)
     6644 kB: com.huawei.skytone (pid 23276)
     6564 kB: teecd (pid 2773)
     6400 kB: com.huawei.android.totemweather (pid 19400)
     6342 kB: com.huawei.health:DataEngineService (pid 23722)
     6342 kB: com.moji.mjweather:Skin (pid 2812)
     6115 kB: com.huawei.phoneservice:loguploadservice (pid 2645)
     5358 kB: com.cootek.smartdialer_oem_module (pid 3264)
     5210 kB: com.huawei.health (pid 19592)
     5077 kB: com.qihoo.appstore_CoreDaemon (pid 13735)
     4886 kB: com.huawei.motionservice (pid 15181)
     4725 kB: com.huawei.health:DeviceService (pid 14083)
     4550 kB: com.qihoo.appstore_CoreDaemon (pid 13733)
     3830 kB: com.ths.uninstall.service (pid 20426)
     3664 kB: com.huawei.android.airsharing (pid 32289)
     3658 kB: HwCamCfgSvr (pid 2784)
     3615 kB: com.iflytek.speechcloud (pid 15355)
     2904 kB: zygote64 (pid 14886)
     2324 kB: zygote (pid 2775)
     2053 kB: wpa_supplicant (pid 11937)
     1955 kB: netd (pid 14887)
     1867 kB: glgps47531 (pid 14885)
     1230 kB: logd (pid 2745)
     1139 kB: com.android.smspush (pid 16376)
     1045 kB: com.huawei.geofence (pid 16297)
      960 kB: powerlogd (pid 2746)
      680 kB: rild (pid 2776)
      604 kB: rild (pid 3021)
      545 kB: /init (pid 1)
      504 kB: dumpsys (pid 16460)
      456 kB: adbd (pid 3030)
      370 kB: jankservice (pid 3019)
      360 kB: logserver (pid 2782)
      347 kB: debuggerd (pid 29232)
      324 kB: ueventd (pid 1896)
      320 kB: kmsgcat (pid 20721)
      309 kB: dhcpcd (pid 17628)
      298 kB: logcat (pid 1466)
      297 kB: debuggerd64 (pid 3411)
      267 kB: hwpged (pid 2759)
      262 kB: bastetd (pid 3020)
      260 kB: logcat (pid 20722)
      256 kB: hdbd (pid 3032)
      244 kB: healthd (pid 2747)
      226 kB: q289 (pid 13657)
      212 kB: chargemonitor (pid 3016)
      204 kB: chargelogcat (pid 32689)
      182 kB: drmserver (pid 2764)
      170 kB: vold (pid 2750)
      150 kB: pccd (pid 14757)
      144 kB: servicemanager (pid 2749)
      132 kB: keystore (pid 2768)
      110 kB: device_monitor (pid 2778)
       92 kB: oeminfo_nvm_server (pid 2722)
       85 kB: installd (pid 2767)
       81 kB: wdaemon (pid 17917)
       70 kB: thermal-daemon (pid 2783)
       57 kB: lmkd (pid 2748)
       44 kB: ioinfoservice (pid 2781)
       40 kB: hw_ueventd (pid 2770)
       40 kB: media.log (pid 14888)
        4 kB: filebackup (pid 2765)
        4 kB: hwnffserver (pid 2769)
        4 kB: diagserver (pid 2779)

Total PSS by OOM adjustment:
   168349 kB: Native
              119673 kB: surfaceflinger (pid 2751)
                6780 kB: mediaserver (pid 14962)
                6564 kB: teecd (pid 2773)
                5077 kB: com.qihoo.appstore_CoreDaemon (pid 13735)
                4550 kB: com.qihoo.appstore_CoreDaemon (pid 13733)
                3658 kB: HwCamCfgSvr (pid 2784)
                2904 kB: zygote64 (pid 14886)
                2324 kB: zygote (pid 2775)
                2053 kB: wpa_supplicant (pid 11937)
                1955 kB: netd (pid 14887)
                1867 kB: glgps47531 (pid 14885)
                1230 kB: logd (pid 2745)
                 960 kB: powerlogd (pid 2746)
                 680 kB: rild (pid 2776)
                 604 kB: rild (pid 3021)
                 545 kB: /init (pid 1)
                 504 kB: dumpsys (pid 16460)
                 456 kB: adbd (pid 3030)
                 370 kB: jankservice (pid 3019)
                 360 kB: logserver (pid 2782)
                 347 kB: debuggerd (pid 29232)
                 324 kB: ueventd (pid 1896)
                 320 kB: kmsgcat (pid 20721)
                 309 kB: dhcpcd (pid 17628)
                 298 kB: logcat (pid 1466)
                 297 kB: debuggerd64 (pid 3411)
                 267 kB: hwpged (pid 2759)
                 262 kB: bastetd (pid 3020)
                 260 kB: logcat (pid 20722)
                 256 kB: hdbd (pid 3032)
                 244 kB: healthd (pid 2747)
                 226 kB: q289 (pid 13657)
                 212 kB: chargemonitor (pid 3016)
                 204 kB: chargelogcat (pid 32689)
                 182 kB: drmserver (pid 2764)
                 170 kB: vold (pid 2750)
                 150 kB: pccd (pid 14757)
                 144 kB: servicemanager (pid 2749)
                 132 kB: keystore (pid 2768)
                 110 kB: device_monitor (pid 2778)
                  92 kB: oeminfo_nvm_server (pid 2722)
                  85 kB: installd (pid 2767)
                  81 kB: wdaemon (pid 17917)
                  70 kB: thermal-daemon (pid 2783)
                  57 kB: lmkd (pid 2748)
                  44 kB: ioinfoservice (pid 2781)
                  40 kB: hw_ueventd (pid 2770)
                  40 kB: media.log (pid 14888)
                   4 kB: filebackup (pid 2765)
                   4 kB: hwnffserver (pid 2769)
                   4 kB: diagserver (pid 2779)
   165923 kB: System
              165923 kB: system (pid 15216)
   227031 kB: Persistent
               74021 kB: com.android.systemui (pid 15536)
               58953 kB: com.android.keyguard (pid 15468)
               21193 kB: com.android.phone (pid 15950)
               18608 kB: com.huawei.powergenie (pid 15844)
               16697 kB: com.huawei.android.powermonitor (pid 15923)
               12112 kB: com.amap.android.location (pid 15897)
                8919 kB: com.android.server.telecom (pid 15872)
                8639 kB: com.huawei.ca (pid 15971)
                7889 kB: com.android.contacts:cacheservice (pid 16629)
    12665 kB: Persistent Service
               12665 kB: com.android.bluetooth (pid 19645)
   150763 kB: Foreground
               98199 kB: com.tencent.mobileqq (pid 6750 / activities)
               26520 kB: com.huawei.systemmanager (pid 2311)
               26044 kB: com.huawei.systemmanager:service (pid 15677)
    97968 kB: Visible
               23242 kB: com.android.galaxy4 (pid 15782)
               20293 kB: com.android.incallui (pid 2067 / activities)
               18688 kB: com.qihoo.daemon (pid 13382)
               14244 kB: com.tencent.mobileqq:MSF (pid 4314)
               11742 kB: android.process.acore (pid 6189)
                8620 kB: com.huawei.lcagent (pid 16528)
                1139 kB: com.android.smspush (pid 16376)
   200466 kB: Perceptible
              105940 kB: com.tencent.mm (pid 25462 / activities)
               28728 kB: com.baidu.input_huawei (pid 15811)
               23708 kB: com.qihoo360.mobilesafe:GuardService (pid 13540)
               17146 kB: com.tencent.mtt:service (pid 22392)
               16997 kB: com.tencent.mm:push (pid 25495)
                6902 kB: com.tencent.mtt (pid 19439)
                1045 kB: com.huawei.geofence (pid 16297)
    54351 kB: A Services
               13004 kB: com.moji.mjweather:pushservice (pid 10331)
               11612 kB: com.moji.mjweather (pid 22151)
               10803 kB: com.qihoo.appstore:PluginP01 (pid 13472)
               10157 kB: com.qihoo.appstore:PluginP06 (pid 13619)
                8775 kB: cn.wps.moffice_eng:pushservice (pid 21551)
    58584 kB: Home
               58584 kB: com.huawei.android.launcher (pid 16567 / activities)
   308109 kB: B Services
               34125 kB: com.taobao.taobao (pid 28140)
               28069 kB: com.android.settings (pid 20232)
               26856 kB: com.qihoo.appstore (pid 13439)
               20947 kB: com.tmall.wireless (pid 16570)
               19618 kB: com.taobao.taobao:channel (pid 22076)
               17643 kB: android.process.media (pid 20386)
               16196 kB: com.sina.weibo (pid 17866)
               13423 kB: com.tmall.wireless:channel (pid 21069)
               13208 kB: com.huawei.android.ds (pid 22321)
               13128 kB: com.sina.weibo:remote (pid 16143)
               11847 kB: com.hexin.plat.android (pid 9357)
               11377 kB: com.tencent.mobileqq:TMAssistantDownloadSDKService (pid 14153)
               10840 kB: com.baidu.BaiduMap:bdservice_v1 (pid 19960)
                9439 kB: com.baidu.BaiduMap:MapCoreService (pid 13383)
                9434 kB: com.huawei.bd (pid 15155)
                8797 kB: com.huawei.android.pushagent.PushService (pid 13488)
                8064 kB: com.google.android.gms.persistent (pid 22545)
                6342 kB: com.huawei.health:DataEngineService (pid 23722)
                6342 kB: com.moji.mjweather:Skin (pid 2812)
                5358 kB: com.cootek.smartdialer_oem_module (pid 3264)
                4886 kB: com.huawei.motionservice (pid 15181)
                4725 kB: com.huawei.health:DeviceService (pid 14083)
                3830 kB: com.ths.uninstall.service (pid 20426)
                3615 kB: com.iflytek.speechcloud (pid 15355)
   117199 kB: Cached
               35037 kB: com.android.contacts (pid 10164 / activities)
               20050 kB: com.android.email (pid 26873)
               19162 kB: com.tencent.mobileqq:peak (pid 12962)
               14917 kB: com.android.browser (pid 19795)
                6644 kB: com.huawei.skytone (pid 23276)
                6400 kB: com.huawei.android.totemweather (pid 19400)
                6115 kB: com.huawei.phoneservice:loguploadservice (pid 2645)
                5210 kB: com.huawei.health (pid 19592)
                3664 kB: com.huawei.android.airsharing (pid 32289)

Total PSS by category:
   526754 kB: Dalvik
   411501 kB: Native
   128924 kB: GL
   112652 kB: Graphics
    82576 kB: image mmap
    80505 kB: .dex mmap
    55388 kB: Dalvik Other
    51217 kB: code mmap
    43533 kB: .so mmap
    25431 kB: .apk mmap
    19352 kB: Stack
    14428 kB: Unknown
     6161 kB: Other mmap
     2131 kB: .ttf mmap
      528 kB: Other dev
      232 kB: Cursor
       91 kB: .jar mmap
        4 kB: Ashmem
        0 kB: Memtrack

Total RAM: 2859160 kB (status moderate)
 Free RAM: 1134527 kB (117199 cached pss + 531656 cached + 485672 free)
 Used RAM: 1650369 kB (1444209 used pss + 30028 buffers + 812 shmem + 175320 slab)
 Lost RAM: 74264 kB
     ZRAM: 64636 kB physical used for 240408 kB in swap (262140 kB total swap)
   Tuning: 256 (large 256), oom 325000 kB, restore limit 108333 kB (high-end-gfx)
